Archive member included to satisfy reference by file (symbol)

d:/compilers/devkitpro/devkitarm/bin/../lib/gcc/arm-none-eabi/12.1.0/../../../../arm-none-eabi/lib/thumb\libg.a(lib_a-init.o)
                              d:/compilers/devkitpro/devkitarm/bin/../lib/gcc/arm-none-eabi/12.1.0/../../../../arm-none-eabi/lib/thumb/gba_crt0.o (__libc_init_array)
d:/compilers/devkitpro/devkitarm/bin/../lib/gcc/arm-none-eabi/12.1.0/../../../../arm-none-eabi/lib/thumb\libsysbase.a(malloc_vars.o)
                              d:/compilers/devkitpro/devkitarm/bin/../lib/gcc/arm-none-eabi/12.1.0/../../../../arm-none-eabi/lib/thumb/gba_crt0.o (fake_heap_end)

Discarded input sections

 .text          0x0000000000000000        0x0 d:/compilers/devkitpro/devkitarm/bin/../lib/gcc/arm-none-eabi/12.1.0/../../../../arm-none-eabi/lib/thumb/gba_crt0.o
 .data          0x0000000000000000        0x0 d:/compilers/devkitpro/devkitarm/bin/../lib/gcc/arm-none-eabi/12.1.0/../../../../arm-none-eabi/lib/thumb/gba_crt0.o
 .bss           0x0000000000000000        0x0 d:/compilers/devkitpro/devkitarm/bin/../lib/gcc/arm-none-eabi/12.1.0/../../../../arm-none-eabi/lib/thumb/gba_crt0.o
 .text          0x0000000000000000        0x0 d:/compilers/devkitpro/devkitarm/bin/../lib/gcc/arm-none-eabi/12.1.0/thumb/crti.o
 .data          0x0000000000000000        0x0 d:/compilers/devkitpro/devkitarm/bin/../lib/gcc/arm-none-eabi/12.1.0/thumb/crti.o
 .bss           0x0000000000000000        0x0 d:/compilers/devkitpro/devkitarm/bin/../lib/gcc/arm-none-eabi/12.1.0/thumb/crti.o
 .text          0x0000000000000000        0x0 d:/compilers/devkitpro/devkitarm/bin/../lib/gcc/arm-none-eabi/12.1.0/thumb/crtbegin.o
 .data          0x0000000000000000        0x0 d:/compilers/devkitpro/devkitarm/bin/../lib/gcc/arm-none-eabi/12.1.0/thumb/crtbegin.o
 .bss           0x0000000000000000        0x0 d:/compilers/devkitpro/devkitarm/bin/../lib/gcc/arm-none-eabi/12.1.0/thumb/crtbegin.o
 .rodata.all_implied_fbits
                0x0000000000000000       0x24 d:/compilers/devkitpro/devkitarm/bin/../lib/gcc/arm-none-eabi/12.1.0/thumb/crtbegin.o
 .data.__dso_handle
                0x0000000000000000        0x4 d:/compilers/devkitpro/devkitarm/bin/../lib/gcc/arm-none-eabi/12.1.0/thumb/crtbegin.o
 .text          0x0000000000000000        0x0 gba_input.o
 .data          0x0000000000000000        0x0 gba_input.o
 .bss           0x0000000000000000        0x0 main.o
 .text          0x0000000000000000        0x0 d:/compilers/devkitpro/devkitarm/bin/../lib/gcc/arm-none-eabi/12.1.0/../../../../arm-none-eabi/lib/thumb\libg.a(lib_a-init.o)
 .data          0x0000000000000000        0x0 d:/compilers/devkitpro/devkitarm/bin/../lib/gcc/arm-none-eabi/12.1.0/../../../../arm-none-eabi/lib/thumb\libg.a(lib_a-init.o)
 .bss           0x0000000000000000        0x0 d:/compilers/devkitpro/devkitarm/bin/../lib/gcc/arm-none-eabi/12.1.0/../../../../arm-none-eabi/lib/thumb\libg.a(lib_a-init.o)
 .text          0x0000000000000000        0x0 d:/compilers/devkitpro/devkitarm/bin/../lib/gcc/arm-none-eabi/12.1.0/../../../../arm-none-eabi/lib/thumb\libsysbase.a(malloc_vars.o)
 .data          0x0000000000000000        0x0 d:/compilers/devkitpro/devkitarm/bin/../lib/gcc/arm-none-eabi/12.1.0/../../../../arm-none-eabi/lib/thumb\libsysbase.a(malloc_vars.o)
 .bss           0x0000000000000000        0x0 d:/compilers/devkitpro/devkitarm/bin/../lib/gcc/arm-none-eabi/12.1.0/../../../../arm-none-eabi/lib/thumb\libsysbase.a(malloc_vars.o)
 .bss.fake_heap_start
                0x0000000000000000        0x4 d:/compilers/devkitpro/devkitarm/bin/../lib/gcc/arm-none-eabi/12.1.0/../../../../arm-none-eabi/lib/thumb\libsysbase.a(malloc_vars.o)
 .text          0x0000000000000000        0x0 d:/compilers/devkitpro/devkitarm/bin/../lib/gcc/arm-none-eabi/12.1.0/thumb/crtend.o
 .data          0x0000000000000000        0x0 d:/compilers/devkitpro/devkitarm/bin/../lib/gcc/arm-none-eabi/12.1.0/thumb/crtend.o
 .bss           0x0000000000000000        0x0 d:/compilers/devkitpro/devkitarm/bin/../lib/gcc/arm-none-eabi/12.1.0/thumb/crtend.o
 .rodata.all_implied_fbits
                0x0000000000000000       0x24 d:/compilers/devkitpro/devkitarm/bin/../lib/gcc/arm-none-eabi/12.1.0/thumb/crtend.o
 .text          0x0000000000000000        0x0 d:/compilers/devkitpro/devkitarm/bin/../lib/gcc/arm-none-eabi/12.1.0/thumb/crtn.o
 .data          0x0000000000000000        0x0 d:/compilers/devkitpro/devkitarm/bin/../lib/gcc/arm-none-eabi/12.1.0/thumb/crtn.o
 .bss           0x0000000000000000        0x0 d:/compilers/devkitpro/devkitarm/bin/../lib/gcc/arm-none-eabi/12.1.0/thumb/crtn.o

Memory Configuration

Name             Origin             Length             Attributes
rom              0x0000000008000000 0x0000000002000000
iwram            0x0000000003000000 0x0000000000008000
ewram            0x0000000002000000 0x0000000000040000
*default*        0x0000000000000000 0xffffffffffffffff

Linker script and memory map

                0x0000000008000000                __text_start = ORIGIN (rom)
                0x0000000002040000                __eheap_end = (ORIGIN (ewram) + LENGTH (ewram))
                0x0000000003000000                __iwram_start = ORIGIN (iwram)
                0x0000000003008000                __iwram_top = (ORIGIN (iwram) + LENGTH (iwram))
                0x0000000003007fa0                __sp_irq = (__iwram_top - 0x60)
                0x0000000003007f00                __sp_usr = (__sp_irq - 0xa0)
                0x0000000003007ff8                __irq_flags = 0x3007ff8
                0x0000000008000000                . = __text_start

.crt0           0x0000000008000000      0x210
 *(.crt0)
 .crt0          0x0000000008000000      0x210 d:/compilers/devkitpro/devkitarm/bin/../lib/gcc/arm-none-eabi/12.1.0/../../../../arm-none-eabi/lib/thumb/gba_crt0.o
                0x0000000008000000                _start
                0x00000000080000c4                __boot_method
                0x00000000080000c5                __slave_number
                0x00000000080000e0                start_vector
                0x0000000008000210                . = ALIGN (0x4)

.init           0x0000000008000210        0xc
 *(SORT_NONE(.init))
 .init          0x0000000008000210        0x4 d:/compilers/devkitpro/devkitarm/bin/../lib/gcc/arm-none-eabi/12.1.0/thumb/crti.o
                0x0000000008000210                _init
 .init          0x0000000008000214        0x8 d:/compilers/devkitpro/devkitarm/bin/../lib/gcc/arm-none-eabi/12.1.0/thumb/crtn.o

.plt            0x000000000800021c        0x0
 *(.plt)
                0x000000000800021c                . = ALIGN (0x4)

.text           0x000000000800021c      0x800
 *(EXCLUDE_FILE(*.iwram*) .text*)
 .text.__do_global_dtors_aux
                0x000000000800021c       0x2c d:/compilers/devkitpro/devkitarm/bin/../lib/gcc/arm-none-eabi/12.1.0/thumb/crtbegin.o
 .text.frame_dummy
                0x0000000008000248       0x24 d:/compilers/devkitpro/devkitarm/bin/../lib/gcc/arm-none-eabi/12.1.0/thumb/crtbegin.o
 .text          0x000000000800026c      0x4b4 main.o
                0x000000000800026c                abs
                0x0000000008000274                setColour
                0x0000000008000290                plotPixel
                0x00000000080002a8                drawRect
                0x00000000080002f0                drawLine
                0x000000000800041c                seed_gba_rand
                0x000000000800042c                gba_rand
                0x0000000008000450                gba_rand_range
                0x0000000008000480                StartBall
                0x00000000080004d4                InitBall
                0x00000000080004f4                MoveBall
                0x0000000008000550                DrawBall
                0x000000000800059c                ClearBall
                0x00000000080005e8                vsync
                0x0000000008000600                InitPaddle
                0x0000000008000618                DrawPaddle
                0x0000000008000660                ClearPaddle
                0x00000000080006a8                MovePaddle
                0x00000000080006c8                HitPaddles
 .text.startup  0x0000000008000720      0x2a8 main.o
                0x0000000008000720                main
 .text.__libc_init_array
                0x00000000080009c8       0x54 d:/compilers/devkitpro/devkitarm/bin/../lib/gcc/arm-none-eabi/12.1.0/../../../../arm-none-eabi/lib/thumb\libg.a(lib_a-init.o)
                0x00000000080009c8                __libc_init_array
 *(.gnu.linkonce.t.*)
 *(.text.*personality*)
 *(.gnu.warning)
 *(.glue_7t)
 .glue_7t       0x0000000008000a1c        0x0 linker stubs
 *(.glue_7)
 .glue_7        0x0000000008000a1c        0x0 linker stubs
 *(.vfp11_veneer)
 .vfp11_veneer  0x0000000008000a1c        0x0 linker stubs
                0x0000000008000a1c                . = ALIGN (0x4)
                0x0000000008000a1c                __text_end = .

.v4_bx          0x0000000008000a1c        0x0
 .v4_bx         0x0000000008000a1c        0x0 linker stubs

.iplt           0x0000000008000a1c        0x0
 .iplt          0x0000000008000a1c        0x0 d:/compilers/devkitpro/devkitarm/bin/../lib/gcc/arm-none-eabi/12.1.0/../../../../arm-none-eabi/lib/thumb/gba_crt0.o

.fini           0x0000000008000a1c        0xc
 *(.fini)
 .fini          0x0000000008000a1c        0x4 d:/compilers/devkitpro/devkitarm/bin/../lib/gcc/arm-none-eabi/12.1.0/thumb/crti.o
                0x0000000008000a1c                _fini
 .fini          0x0000000008000a20        0x8 d:/compilers/devkitpro/devkitarm/bin/../lib/gcc/arm-none-eabi/12.1.0/thumb/crtn.o
                0x0000000008000a28                . = ALIGN (0x4)

.rodata         0x0000000008000a28        0x0
 *(.rodata)
 *all.rodata*(*)
 *(.roda)
 *(.rodata.*)
 *(.gnu.linkonce.r*)
                0x0000000008000a28                . = ALIGN (0x4)

.ARM.extab
 *(.ARM.extab* .gnu.linkonce.armextab.*)
                0x0000000008000a28                __exidx_start = .

.ARM.exidx
 *(.ARM.exidx* .gnu.linkonce.armexidx.*)
                0x0000000008000a28                __exidx_end = .

.ctors          0x0000000008000a28        0x0
 *crtbegin.o(.ctors)
 *(EXCLUDE_FILE(*crtend.o) .ctors)
 *(SORT_BY_NAME(.ctors.*))
 *(.ctors)
                0x0000000008000a28                . = ALIGN (0x4)

.dtors          0x0000000008000a28        0x0
 *crtbegin.o(.dtors)
 *(EXCLUDE_FILE(*crtend.o) .dtors)
 *(SORT_BY_NAME(.dtors.*))
 *(.dtors)
                0x0000000008000a28                . = ALIGN (0x4)

.eh_frame       0x0000000008000a28        0x4
 *(.eh_frame)
 .eh_frame      0x0000000008000a28        0x0 d:/compilers/devkitpro/devkitarm/bin/../lib/gcc/arm-none-eabi/12.1.0/thumb/crtbegin.o
 .eh_frame      0x0000000008000a28        0x4 d:/compilers/devkitpro/devkitarm/bin/../lib/gcc/arm-none-eabi/12.1.0/thumb/crtend.o
                0x0000000008000a2c                . = ALIGN (0x4)

.gcc_except_table
                0x0000000008000a2c        0x0
 *(.gcc_except_table)
                0x0000000008000a2c                . = ALIGN (0x4)
                0x0000000008000a2c                __iwram_lma = .

.iwram          0x0000000003000000        0x0 load address 0x0000000008000a2c
                0x0000000003000000                __iwram_start__ = ABSOLUTE (.)
 *(.iwram .iwram*)
 *iwram.*(.text* .data*)
                0x0000000003000000                . = ALIGN (0x4)
                0x0000000003000000                __iwram_end__ = ABSOLUTE (.)
                0x0000000008000a2c                __data_lma = (__iwram_lma + SIZEOF (.iwram))

.bss            0x0000000003000000       0x24
                0x0000000003000000                __bss_start = ABSOLUTE (.)
                0x0000000003000000                __bss_start__ = ABSOLUTE (.)
 *(.dynbss)
 *(.gnu.linkonce.b*)
 *(.bss*)
 .bss.completed.1
                0x0000000003000000        0x1 d:/compilers/devkitpro/devkitarm/bin/../lib/gcc/arm-none-eabi/12.1.0/thumb/crtbegin.o
 *fill*         0x0000000003000001        0x3 
 .bss.object.0  0x0000000003000004       0x18 d:/compilers/devkitpro/devkitarm/bin/../lib/gcc/arm-none-eabi/12.1.0/thumb/crtbegin.o
 .bss           0x000000000300001c        0x4 gba_input.o
                0x000000000300001c                __prevKeys
                0x000000000300001e                __currKeys
 .bss.fake_heap_end
                0x0000000003000020        0x4 d:/compilers/devkitpro/devkitarm/bin/../lib/gcc/arm-none-eabi/12.1.0/../../../../arm-none-eabi/lib/thumb\libsysbase.a(malloc_vars.o)
                0x0000000003000020                fake_heap_end
 *(COMMON)
                0x0000000003000024                . = ALIGN (0x4)
                0x0000000003000024                __bss_end__ = ABSOLUTE (.)

.data           0x0000000003000024        0x4 load address 0x0000000008000a2c
                0x0000000003000024                __data_start__ = ABSOLUTE (.)
 *(.data*)
 .data          0x0000000003000024        0x4 main.o
                0x0000000003000024                __gba_rand_seed
 *(.gnu.linkonce.d*)
                0x0000000003000028                . = ALIGN (0x4)
                0x0000000008000a30                __preinit_lma = (__data_lma + SIZEOF (.data))

.igot.plt       0x0000000003000028        0x0 load address 0x0000000008000a30
 .igot.plt      0x0000000003000028        0x0 d:/compilers/devkitpro/devkitarm/bin/../lib/gcc/arm-none-eabi/12.1.0/../../../../arm-none-eabi/lib/thumb/gba_crt0.o

.preinit_array  0x0000000003000028        0x0 load address 0x0000000008000a30
                0x0000000003000028                __preinit_array_start = ABSOLUTE (.)
 *(.preinit_array)
                0x0000000003000028                __preinit_array_end = ABSOLUTE (.)
                0x0000000008000a30                __init_lma = (__preinit_lma + SIZEOF (.preinit_array))

.init_array     0x0000000003000028        0x4 load address 0x0000000008000a30
                0x0000000003000028                __init_array_start = ABSOLUTE (.)
 *(SORT_BY_NAME(.init_array.*))
 *(.init_array)
 .init_array    0x0000000003000028        0x4 d:/compilers/devkitpro/devkitarm/bin/../lib/gcc/arm-none-eabi/12.1.0/thumb/crtbegin.o
                0x000000000300002c                __init_array_end = ABSOLUTE (.)
                0x0000000008000a34                __fini_lma = (__init_lma + SIZEOF (.init_array))

.fini_array     0x000000000300002c        0x4 load address 0x0000000008000a34
                0x000000000300002c                __fini_array_start = ABSOLUTE (.)
 *(SORT_BY_NAME(.fini_array.*))
 *(.fini_array)
 .fini_array    0x000000000300002c        0x4 d:/compilers/devkitpro/devkitarm/bin/../lib/gcc/arm-none-eabi/12.1.0/thumb/crtbegin.o
                0x0000000003000030                __fini_array_end = ABSOLUTE (.)
                0x0000000008000a38                __jcr_lma = (__fini_lma + SIZEOF (.fini_array))

.jcr            0x0000000003000030        0x0 load address 0x0000000008000a38
 *(.jcr)
                0x0000000003000030                __data_end__ = ABSOLUTE (.)
                0x0000000008000a38                __iwram_overlay_lma = (__jcr_lma + SIZEOF (.jcr))
                0x0000000003000030                __iwram_overlay_start = .

.iwram0         0x0000000003000030        0x0 load address 0x0000000008000a38
 *(.iwram0)
                0x0000000003000030                . = ALIGN (0x4)
                0x0000000008000a38                PROVIDE (__load_start_iwram0 = LOADADDR (.iwram0))
                0x0000000008000a38                PROVIDE (__load_stop_iwram0 = (LOADADDR (.iwram0) + SIZEOF (.iwram0)))

.iwram1         0x0000000003000030        0x0
 *(.iwram1)
                0x0000000003000030                . = ALIGN (0x4)
                [!provide]                        PROVIDE (__load_start_iwram1 = LOADADDR (.iwram1))
                [!provide]                        PROVIDE (__load_stop_iwram1 = (LOADADDR (.iwram1) + SIZEOF (.iwram1)))

.iwram2         0x0000000003000030        0x0
 *(.iwram2)
                0x0000000003000030                . = ALIGN (0x4)
                [!provide]                        PROVIDE (__load_start_iwram2 = LOADADDR (.iwram2))
                [!provide]                        PROVIDE (__load_stop_iwram2 = (LOADADDR (.iwram2) + SIZEOF (.iwram2)))

.iwram3         0x0000000003000030        0x0
 *(.iwram3)
                0x0000000003000030                . = ALIGN (0x4)
                [!provide]                        PROVIDE (__load_start_iwram3 = LOADADDR (.iwram3))
                [!provide]                        PROVIDE (__load_stop_iwram3 = (LOADADDR (.iwram3) + SIZEOF (.iwram3)))

.iwram4         0x0000000003000030        0x0
 *(.iwram4)
                0x0000000003000030                . = ALIGN (0x4)
                [!provide]                        PROVIDE (__load_start_iwram4 = LOADADDR (.iwram4))
                [!provide]                        PROVIDE (__load_stop_iwram4 = (LOADADDR (.iwram4) + SIZEOF (.iwram4)))

.iwram5         0x0000000003000030        0x0
 *(.iwram5)
                0x0000000003000030                . = ALIGN (0x4)
                [!provide]                        PROVIDE (__load_start_iwram5 = LOADADDR (.iwram5))
                [!provide]                        PROVIDE (__load_stop_iwram5 = (LOADADDR (.iwram5) + SIZEOF (.iwram5)))

.iwram6         0x0000000003000030        0x0
 *(.iwram6)
                0x0000000003000030                . = ALIGN (0x4)
                [!provide]                        PROVIDE (__load_start_iwram6 = LOADADDR (.iwram6))
                [!provide]                        PROVIDE (__load_stop_iwram6 = (LOADADDR (.iwram6) + SIZEOF (.iwram6)))

.iwram7         0x0000000003000030        0x0
 *(.iwram7)
                0x0000000003000030                . = ALIGN (0x4)
                [!provide]                        PROVIDE (__load_start_iwram7 = LOADADDR (.iwram7))
                [!provide]                        PROVIDE (__load_stop_iwram7 = (LOADADDR (.iwram7) + SIZEOF (.iwram7)))

.iwram8         0x0000000003000030        0x0
 *(.iwram8)
                0x0000000003000030                . = ALIGN (0x4)
                [!provide]                        PROVIDE (__load_start_iwram8 = LOADADDR (.iwram8))
                [!provide]                        PROVIDE (__load_stop_iwram8 = (LOADADDR (.iwram8) + SIZEOF (.iwram8)))

.iwram9         0x0000000003000030        0x0
 *(.iwram9)
                0x0000000003000030                . = ALIGN (0x4)
                [!provide]                        PROVIDE (__load_start_iwram9 = LOADADDR (.iwram9))
                [!provide]                        PROVIDE (__load_stop_iwram9 = (LOADADDR (.iwram9) + SIZEOF (.iwram9)))
                0x0000000003000030                __iwram_overlay_end = .
                0x0000000008000a38                __ewram_lma = (__iwram_overlay_lma + (__iwram_overlay_end - __iwram_overlay_start))
                0x0000000003000030                __iheap_start = .
                0x0000000002000000                __ewram_start = ORIGIN (ewram)

.ewram          0x0000000002000000        0x0 load address 0x0000000008000a38
 *(.ewram*)
                0x0000000002000000                . = ALIGN (0x4)
                0x0000000002000000                __ewram_end = ABSOLUTE (.)
                0x0000000008000a38                __pad_lma = (__ewram_lma + SIZEOF (.ewram))

.sbss           0x0000000002000000        0x0
                0x0000000002000000                __sbss_start__ = ABSOLUTE (.)
 *(.sbss*)
                0x0000000002000000                . = ALIGN (0x4)
                0x0000000002000000                __sbss_end__ = ABSOLUTE (.)
                0x0000000002000000                __end__ = ABSOLUTE (.)
                0x0000000002000000                __eheap_start = ABSOLUTE (.)

.pad            0x0000000002000000        0x8 load address 0x0000000008000a38
                0x0000000002000000        0x4 LONG 0x52416b64
                0x0000000002000004        0x4 LONG 0x4d
                0x0000000002000008                . = ALIGN (0x4)
                0x0000000008000a40                __rom_end__ = (__pad_lma + SIZEOF (.pad))

.rel.dyn        0x0000000002000008        0x0 load address 0x0000000008000a40
 .rel.iplt      0x0000000002000008        0x0 d:/compilers/devkitpro/devkitarm/bin/../lib/gcc/arm-none-eabi/12.1.0/../../../../arm-none-eabi/lib/thumb/gba_crt0.o

.stab
 *(.stab)

.stabstr
 *(.stabstr)

.stab.excl
 *(.stab.excl)

.stab.exclstr
 *(.stab.exclstr)

.stab.index
 *(.stab.index)

.stab.indexstr
 *(.stab.indexstr)

.comment        0x0000000000000000       0x23
 *(.comment)
 .comment       0x0000000000000000       0x23 d:/compilers/devkitpro/devkitarm/bin/../lib/gcc/arm-none-eabi/12.1.0/thumb/crtbegin.o
                                         0x24 (size before relaxing)
 .comment       0x0000000000000023       0x24 gba_input.o
 .comment       0x0000000000000023       0x24 main.o
 .comment       0x0000000000000023       0x24 d:/compilers/devkitpro/devkitarm/bin/../lib/gcc/arm-none-eabi/12.1.0/../../../../arm-none-eabi/lib/thumb\libg.a(lib_a-init.o)
 .comment       0x0000000000000023       0x24 d:/compilers/devkitpro/devkitarm/bin/../lib/gcc/arm-none-eabi/12.1.0/../../../../arm-none-eabi/lib/thumb\libsysbase.a(malloc_vars.o)
 .comment       0x0000000000000023       0x24 d:/compilers/devkitpro/devkitarm/bin/../lib/gcc/arm-none-eabi/12.1.0/thumb/crtend.o

.debug
 *(.debug)

.line
 *(.line)

.debug_srcinfo
 *(.debug_srcinfo)

.debug_sfnames
 *(.debug_sfnames)

.debug_aranges  0x0000000000000000       0x40
 *(.debug_aranges)
 .debug_aranges
                0x0000000000000000       0x18 gba_input.o
 .debug_aranges
                0x0000000000000018       0x28 main.o

.debug_pubnames
 *(.debug_pubnames)

.debug_info     0x0000000000000000     0x1472
 *(.debug_info)
 .debug_info    0x0000000000000000       0xb5 gba_input.o
 .debug_info    0x00000000000000b5     0x13bd main.o

.debug_abbrev   0x0000000000000000      0x4f1
 *(.debug_abbrev)
 .debug_abbrev  0x0000000000000000       0x6a gba_input.o
 .debug_abbrev  0x000000000000006a      0x487 main.o

.debug_line     0x0000000000000000      0xcbe
 *(.debug_line)
 .debug_line    0x0000000000000000      0x134 gba_input.o
 .debug_line    0x0000000000000134      0xb8a main.o

.debug_frame    0x0000000000000000      0x208
 *(.debug_frame)
 .debug_frame   0x0000000000000000      0x208 main.o

.debug_str      0x0000000000000000      0x356
 *(.debug_str)
 .debug_str     0x0000000000000000      0x127 gba_input.o
                                        0x164 (size before relaxing)
 .debug_str     0x0000000000000127      0x22f main.o
                                        0x3b4 (size before relaxing)

.debug_loc
 *(.debug_loc)

.debug_macinfo
 *(.debug_macinfo)

.debug_weaknames
 *(.debug_weaknames)

.debug_funcnames
 *(.debug_funcnames)

.debug_typenames
 *(.debug_typenames)

.debug_varnames
 *(.debug_varnames)

.stack          0x0000000000080000        0x0
                0x0000000000080000                _stack = .
 *(.stack)

.note.gnu.arm.ident
 *(.note.gnu.arm.ident)

.ARM.attributes
                0x0000000000000000       0x2c
 *(.ARM.attributes)
 .ARM.attributes
                0x0000000000000000       0x20 d:/compilers/devkitpro/devkitarm/bin/../lib/gcc/arm-none-eabi/12.1.0/../../../../arm-none-eabi/lib/thumb/gba_crt0.o
 .ARM.attributes
                0x0000000000000020       0x1c d:/compilers/devkitpro/devkitarm/bin/../lib/gcc/arm-none-eabi/12.1.0/thumb/crti.o
 .ARM.attributes
                0x000000000000003c       0x2a d:/compilers/devkitpro/devkitarm/bin/../lib/gcc/arm-none-eabi/12.1.0/thumb/crtbegin.o
 .ARM.attributes
                0x0000000000000066       0x2a gba_input.o
 .ARM.attributes
                0x0000000000000090       0x2a main.o
 .ARM.attributes
                0x00000000000000ba       0x2a d:/compilers/devkitpro/devkitarm/bin/../lib/gcc/arm-none-eabi/12.1.0/../../../../arm-none-eabi/lib/thumb\libg.a(lib_a-init.o)
 .ARM.attributes
                0x00000000000000e4       0x2a d:/compilers/devkitpro/devkitarm/bin/../lib/gcc/arm-none-eabi/12.1.0/../../../../arm-none-eabi/lib/thumb\libsysbase.a(malloc_vars.o)
 .ARM.attributes
                0x000000000000010e       0x2a d:/compilers/devkitpro/devkitarm/bin/../lib/gcc/arm-none-eabi/12.1.0/thumb/crtend.o
 .ARM.attributes
                0x0000000000000138       0x1c d:/compilers/devkitpro/devkitarm/bin/../lib/gcc/arm-none-eabi/12.1.0/thumb/crtn.o

/DISCARD/
 *(.note.GNU-stack)
LOAD d:/compilers/devkitpro/devkitarm/bin/../lib/gcc/arm-none-eabi/12.1.0/../../../../arm-none-eabi/lib/thumb/gba_crt0.o
LOAD d:/compilers/devkitpro/devkitarm/bin/../lib/gcc/arm-none-eabi/12.1.0/thumb/crti.o
LOAD d:/compilers/devkitpro/devkitarm/bin/../lib/gcc/arm-none-eabi/12.1.0/thumb/crtbegin.o
LOAD gba_input.o
LOAD main.o
LOAD D:/Compilers/devkitpro/libgba/lib\libmm.a
LOAD D:/Compilers/devkitpro/libgba/lib\libgba.a
START GROUP
LOAD d:/compilers/devkitpro/devkitarm/bin/../lib/gcc/arm-none-eabi/12.1.0/thumb\libgcc.a
LOAD d:/compilers/devkitpro/devkitarm/bin/../lib/gcc/arm-none-eabi/12.1.0/../../../../arm-none-eabi/lib/thumb\libg.a
LOAD d:/compilers/devkitpro/devkitarm/bin/../lib/gcc/arm-none-eabi/12.1.0/../../../../arm-none-eabi/lib/thumb\libc.a
LOAD d:/compilers/devkitpro/devkitarm/bin/../lib/gcc/arm-none-eabi/12.1.0/../../../../arm-none-eabi/lib/thumb\libsysbase.a
END GROUP
LOAD d:/compilers/devkitpro/devkitarm/bin/../lib/gcc/arm-none-eabi/12.1.0/thumb/crtend.o
LOAD d:/compilers/devkitpro/devkitarm/bin/../lib/gcc/arm-none-eabi/12.1.0/thumb/crtn.o
OUTPUT(D:/Code/C/GameboyGames/GBA/Pong/Pong.elf elf32-littlearm)
LOAD linker stubs

.debug_loclists
                0x0000000000000000      0xe2d
 .debug_loclists
                0x0000000000000000      0xe2d main.o

.debug_rnglists
                0x0000000000000000      0x140
 .debug_rnglists
                0x0000000000000000      0x140 main.o
